Paris:567:266
Lille:617:70
Reims:689:222
Amiens:565:152
Lyon:761:602
Marseille:805:870
Rennes:272:343
Orleans:533:370
Toulouse:498:840
Nancy:843:278
Nice:958:817
Montpellier:690:839
Bordeaux:341:703
Nantes:276:440
Caen:374:229
Brest:70:298
Dijon:770:430
Poitiers:415:515
Limoges:485:596
Metz:845:233
--
Paris:Reims:159
Paris:Amiens:136
Paris:Orleans:149
Paris:Caen:274
Paris:Dijon:338
Lille:Reims:194
Lille:Amiens:118
Lille:Caen:346
Lille:Metz:344
Reims:Paris:159
Reims:Lille:194
Reims:Amiens:171
Reims:Nancy:213
Reims:Dijon:273
Reims:Metz:198
Amiens:Paris:136
Amiens:Lille:118
Amiens:Reims:171
Amiens:Caen:236
Lyon:Marseille:335
Lyon:Montpellier:299
Lyon:Dijon:203
Lyon:Limoges:384
Marseille:Lyon:335
Marseille:Nice:196
Marseille:Montpellier:163
Rennes:Orleans:281
Rennes:Nantes:107
Rennes:Caen:175
Rennes:Brest:239
Orleans:Paris:149
Orleans:Rennes:281
Orleans:Nantes:322
Orleans:Caen:286
Orleans:Dijon:308
Orleans:Poitiers:223
Orleans:Limoges:263
Toulouse:Montpellier:260
Toulouse:Bordeaux:273
Toulouse:Limoges:309
Nancy:Reims:213
Nancy:Dijon:206
Nancy:Metz:56
Nice:Marseille:196
Nice:Montpellier:337
Montpellier:Lyon:299
Montpellier:Marseille:163
Montpellier:Toulouse:260
Montpellier:Nice:337
Bordeaux:Toulouse:273
Bordeaux:Nantes:313
Bordeaux:Poitiers:206
Bordeaux:Limoges:194
Nantes:Rennes:107
Nantes:Orleans:322
Nantes:Bordeaux:313
Nantes:Brest:307
Nantes:Poitiers:195
Caen:Paris:274
Caen:Lille:346
Caen:Amiens:236
Caen:Rennes:175
Caen:Orleans:286
Brest:Rennes:239
Brest:Nantes:307
Dijon:Paris:338
Dijon:Reims:273
Dijon:Lyon:203
Dijon:Orleans:308
Dijon:Nancy:206
Poitiers:Orleans:223
Poitiers:Bordeaux:206
Poitiers:Nantes:195
Poitiers:Limoges:121
Limoges:Orleans:263
Limoges:Toulouse:309
Limoges:Bordeaux:194
Limoges:Lyon:384
Limoges:Poitiers:121
Metz:Lille:344
Metz:Reims:198
Metz:Nancy:56
