Maubeuge:683:109
Valenciennes:650:102
Cambrai:630:120
Paris:567:266
Arras:599:109
Lille:617:70
Reims:689:222
Montreuil/Mer:515:83
Dunkerque:565:27
Calais:535:35
Boulogne/Mer:517:60
Amiens:565:152
Rouen:478:205
Dieppe:478:150
Neufchatel_en_Braye:503:170
Compiegne:602:206
Soissons:640:209
St_Quentin:636:157
Laon:660:188
Chalons/Marne:712:255
Chalons/Saone:756:492
Lyon:761:602
Grenoble:828:660
Marseille:805:870
Font-Romeu:542:960
Douarnenez:79:330
Rennes:272:343
Strasbourg:960:285
Bourges:573:460
Orleans:533:370
Tours:445:425
Mantes:522:250
Perpignan:615:940
Toulouse:498:840
Clermont_Ferrand:625:602
St_Etienne:725:635
Chartres:505:313
Evreux:482:248
Le_Mans:410:358
Troyes:695:328
Auxerre:658:381
Nancy:843:278
Verdun:787:230
Macon:756:541
Valence:766:692
Orange:764:778
Avignon:764:801
Nice:958:817
Aix_en_Provence:815:845
Nimes:729:812
Montpellier:690:839
Beziers:639:870
Carcassonne:570:885
Brive_la_Gaillarde:505:669
Cahors:497:749
Montauban:490:795
Bordeaux:341:703
Versailles:553:272
Nantes:276:440
Laval:339:349
Blois:492:407
Angers:353:415
Avranches:300:280
Caen:374:229
St_Lo:320:233
Vire:335:263
St_Brieuc:198:294
Brest:70:298
Quimper:95:342
Dreux:496:280
Lorient:145:373
Vannes:190:385
Ploermel:219:358
Beauvais:549:205
Vierzon:545:446
Le_Cateau:652:128
Guise:660:152
St_Dizier:758:289
Sezanne:667:282
Meaux:608:255
Fontainebleau:593:317
Chaumont:773:345
Sens:637:339
Dijon:770:430
Beaune:743:470
Narbonne:621:886
Cosne:612:424
Figeac:544:729
Millau:626:785
Foix:510:910
Chateauroux:518:490
Poitiers:415:515
Limoges:485:596
Angouleme:400:614
Perigueux:442:667
Agen:433:774
Montlucon:588:540
Moulins:642:517
St_Flour:626:684
Rodez:587:759
Albi:554:804
La_Charite:620:449
Nevers:628:473
Clamecy:655:420
Chatillon/Saone:732:376
Autun:712:474
Abbeville:532:130
St_Pol/Ternoise:567:102
Hesdin:546:100
St_Omer:561:59
Bethune:590:85
Doullens:567:125
Bapaume:605:130
Le_Havre:406:195
Nogent_le_Rotrou:456:324
Alencon:403:310
Argentan:396:278
Domfront:350:290
Mayenne:351:323
Cherbourg:282:175
Fougeres:309:316
Vitre:308:340
Chateaubriant:293:382
Pontchateau:240:411
St_Meen:231:330
Dinan:248:300
Loudeac:195:330
Rostrenen:153:320
Guingamp:167:282
Lannion:147:265
Morlaix:119:280
Pleyben:100:317
St_Nazaire:225:428
Chateaudun:494:352
Vendome:473:382
Selles:517:440
La_Fleche:389:392
Saumur:388:438
Doue:372:447
Cholet:326:457
La_Roche/Yon:284:500
La_Rochelle:300:555
Saintes:340:602
Niort:355:540
Civray:402:562
Parthenay:373:505
Bergerac:423:702
Marmande:423:702
Auch:428:835
Mont_de_Marsan:343:806
Lannemezan:411:891
Tarbes:387:880
Pau:351:871
Orthez:310:850
Bayonne:263:845
St_Martory:453:890
Brioude:647:655
Le_Puy:687:681
Pradelles:688:711
Aubenas:728:730
Montelimar:755:734
Mende:658:741
Ales:705:780
Mazamet:570:856
Quillan:556:920
Aurillac:572:697
La_Cappelle:680:145
Vervin:679:159
Charleville-Meziere:737:165
Mazagran:728:207
Suippes:726:235
Metz:845:233
Sarreguemines:910:230
Chateau-Salins:870:265
Savernes:935:269
Sarrebourg:911:270
Vitry_le_Francois:730:279
Sommesous:705:278
Brienne_le_Chateau:728:315
Luneville:871:289
St_Die:907:320
Colmar:937:342
Mulhouse:938:378
Epinal:870:334
Neufchateau:813:317
Vittel:834:332
Belfort:903:395
Vesoul:853:395
Besancon:846:437
Dole:808:455
Langres:786:375
Peronne:610:155
Roye:600:174
Noyon:615:185
Senlis:585:230
Chateau-Thierry:643:245
Provins:638:300
Guignes:600:290
Montargis:596:361
Paray_le_Monial:732:530
Neufchatel:912:460
Lausanne:893:510
Geneve:860:550
Lons_le_Saunier:812:500
Bourg_en_Bresse:787:552
Collonges:835:560
Annecy:860:580
Bonneville:877:607
Megeve:895:582
Albertville:877:620
Amberieu_en_Bugey:800:577
Chambery:847:620
Bourgoin_Jallieu:797:620
Roanne:697:591
Briancon:903:690
Gap:861:728
Serres:835:743
Sisteron:853:770
Grasse:932:826
Cannes:940:839
Le_Luc:885:855
Toulon:855:889
Arles:750:833
Feurs:737:610
Thiers:657:591
Commercy:800:270
--
Maubeuge:Valenciennes:36
Maubeuge:Le_Cateau:43
Maubeuge:La_Cappelle:41
Valenciennes:Maubeuge:36
Valenciennes:Cambrai:32
Valenciennes:Arras:90
Valenciennes:Lille:52
Valenciennes:Le_Cateau:32
Cambrai:Valenciennes:32
Cambrai:Arras:37
Cambrai:St_Quentin:39
Cambrai:Le_Cateau:29
Cambrai:Bapaume:30
Cambrai:Peronne:45
Paris:Chartres:82
Paris:Versailles:28
Paris:Beauvais:76
Paris:Meaux:54
Paris:Fontainebleau:62
Paris:Senlis:44
Paris:Guignes:56
Arras:Valenciennes:90
Arras:Cambrai:37
Arras:Lille:50
Arras:St_Pol/Ternoise:34
Arras:Bethune:30
Arras:Doullens:36
Arras:Bapaume:22
Lille:Valenciennes:52
Lille:Arras:50
Lille:Dunkerque:80
Lille:St_Omer:67
Lille:Bethune:38
Reims:Soissons:56
Reims:Laon:45
Reims:Chalons/Marne:44
Reims:Sezanne:70
Reims:Charleville-Meziere:73
Reims:Mazagran:47
Reims:Suippes:42
Reims:Chateau-Thierry:61
Montreuil/Mer:Boulogne/Mer:38
Montreuil/Mer:Abbeville:44
Montreuil/Mer:Hesdin:23
Montreuil/Mer:St_Omer:52
Dunkerque:Lille:80
Dunkerque:Calais:45
Dunkerque:St_Omer:39
Calais:Dunkerque:45
Calais:Boulogne/Mer:38
Calais:St_Omer:40
Boulogne/Mer:Montreuil/Mer:38
Boulogne/Mer:Calais:38
Boulogne/Mer:St_Omer:44
Amiens:Neufchatel_en_Braye:68
Amiens:St_Quentin:74
Amiens:Beauvais:60
Amiens:Abbeville:47
Amiens:Doullens:32
Amiens:Bapaume:48
Amiens:Peronne:44
Amiens:Roye:41
Rouen:Dieppe:61
Rouen:Neufchatel_en_Braye:50
Rouen:Evreux:57
Rouen:Caen:118
Rouen:Beauvais:80
Rouen:Le_Havre:90
Rouen:Argentan:130
Dieppe:Rouen:61
Dieppe:Neufchatel_en_Braye:36
Dieppe:Abbeville:85
Dieppe:Le_Havre:106
Neufchatel_en_Braye:Amiens:68
Neufchatel_en_Braye:Rouen:50
Neufchatel_en_Braye:Dieppe:36
Neufchatel_en_Braye:Beauvais:58
Neufchatel_en_Braye:Abbeville:61
Compiegne:Soissons:38
Compiegne:Beauvais:60
Compiegne:Roye:38
Compiegne:Noyon:24
Compiegne:Senlis:32
Soissons:Reims:56
Soissons:Compiegne:38
Soissons:St_Quentin:58
Soissons:Laon:40
Soissons:Sezanne:83
Soissons:Meaux:65
Soissons:Senlis:59
Soissons:Chateau-Thierry:35
St_Quentin:Cambrai:39
St_Quentin:Amiens:74
St_Quentin:Soissons:58
St_Quentin:Laon:52
St_Quentin:Le_Cateau:38
St_Quentin:Guise:50
St_Quentin:Peronne:30
St_Quentin:Roye:48
St_Quentin:Noyon:40
Laon:Reims:45
Laon:Soissons:40
Laon:St_Quentin:52
Laon:Guise:38
Laon:Vervin:32
Laon:Charleville-Meziere:91
Chalons/Marne:Reims:44
Chalons/Marne:Verdun:97
Chalons/Marne:Suippes:23
Chalons/Marne:Vitry_le_Francois:32
Chalons/Marne:Sommesous:27
Chalons/Saone:Macon:54
Chalons/Saone:Beaune:27
Chalons/Saone:Autun:67
Chalons/Saone:Dole:63
Chalons/Saone:Paray_le_Monial:89
Chalons/Saone:Lons_le_Saunier:64
Chalons/Saone:Bourg_en_Bresse:81
Lyon:St_Etienne:47
Lyon:Macon:70
Lyon:Valence:83
Lyon:Amberieu_en_Bugey:52
Lyon:Bourgoin_Jallieu:52
Lyon:Roanne:86
Lyon:Feurs:70
Grenoble:Valence:94
Grenoble:Chambery:58
Grenoble:Bourgoin_Jallieu:65
Grenoble:Briancon:116
Grenoble:Gap:103
Grenoble:Serres:109
Marseille:Aix_en_Provence:33
Marseille:Le_Luc:90
Marseille:Toulon:65
Marseille:Arles:90
Font-Romeu:Perpignan:80
Font-Romeu:Foix:107
Font-Romeu:Quillan:77
Douarnenez:Quimper:23
Douarnenez:Pleyben:27
Rennes:Nantes:107
Rennes:Avranches:80
Rennes:Ploermel:61
Rennes:Fougeres:48
Rennes:Vitre:38
Rennes:Chateaubriant:60
Rennes:Pontchateau:92
Rennes:St_Meen:42
Rennes:Dinan:51
Strasbourg:Savernes:54
Strasbourg:Luneville:50
Strasbourg:St_Die:92
Strasbourg:Colmar:72
Bourges:Vierzon:33
Bourges:Cosne:60
Bourges:Chateauroux:62
Bourges:Montlucon:93
Bourges:Moulins:100
Orleans:Chartres:73
Orleans:Blois:56
Orleans:Vierzon:79
Orleans:Fontainebleau:87
Orleans:Cosne:108
Orleans:Chateaudun:48
Orleans:Vendome:64
Orleans:Montargis:70
Tours:Le_Mans:80
Tours:Blois:65
Tours:Chateauroux:111
Tours:Poitiers:104
Tours:Vendome:55
Tours:Selles:73
Tours:La_Fleche:70
Tours:Saumur:79
Mantes:Evreux:45
Mantes:Versailles:43
Mantes:Dreux:46
Mantes:Beauvais:69
Perpignan:Font-Romeu:80
Perpignan:Narbonne:69
Perpignan:Quillan:75
Toulouse:Carcassonne:92
Toulouse:Montauban:55
Toulouse:Foix:82
Toulouse:Albi:74
Toulouse:Auch:79
Toulouse:St_Martory:72
Toulouse:Mazamet:89
Clermont_Ferrand:St_Etienne:146
Clermont_Ferrand:Brive_la_Gaillarde:170
Clermont_Ferrand:Montlucon:91
Clermont_Ferrand:Moulins:96
Clermont_Ferrand:Brioude:71
Clermont_Ferrand:Aurillac:164
Clermont_Ferrand:Thiers:44
St_Etienne:Lyon:47
St_Etienne:Clermont_Ferrand:146
St_Etienne:Valence:93
St_Etienne:Le_Puy:77
St_Etienne:Feurs:39
St_Etienne:Thiers:121
Chartres:Paris:82
Chartres:Orleans:73
Chartres:Le_Mans:107
Chartres:Versailles:72
Chartres:Dreux:35
Chartres:Fontainebleau:97
Chartres:Nogent_le_Rotrou:54
Chartres:Chateaudun:35
Evreux:Rouen:57
Evreux:Mantes:45
Evreux:Dreux:48
Evreux:Argentan:120
Le_Mans:Tours:80
Le_Mans:Chartres:107
Le_Mans:Laval:69
Le_Mans:Angers:92
Le_Mans:Nogent_le_Rotrou:66
Le_Mans:Alencon:49
Le_Mans:Mayenne:74
Le_Mans:Vendome:77
Le_Mans:La_Fleche:45
Troyes:Auxerre:81
Troyes:Sezanne:61
Troyes:Chaumont:94
Troyes:Sens:71
Troyes:Chatillon/Saone:68
Troyes:Sommesous:50
Troyes:Brienne_le_Chateau:42
Auxerre:Troyes:81
Auxerre:Sens:57
Auxerre:Beaune:158
Auxerre:Cosne:74
Auxerre:Clamecy:43
Auxerre:Chatillon/Saone:85
Auxerre:Montargis:69
Nancy:Metz:56
Nancy:Chateau-Salins:31
Nancy:Commercy:54
Nancy:Luneville:36
Nancy:Epinal:62
Nancy:Neufchateau:59
Nancy:Vittel:63
Verdun:Chalons/Marne:97
Verdun:St_Dizier:80
Verdun:Charleville-Meziere:102
Verdun:Suippes:76
Verdun:Metz:80
Verdun:Commercy:62
Macon:Chalons/Saone:54
Macon:Lyon:70
Macon:Paray_le_Monial:78
Macon:Bourg_en_Bresse:42
Valence:Lyon:83
Valence:Grenoble:94
Valence:St_Etienne:93
Valence:Aubenas:69
Valence:Montelimar:50
Valence:Serres:138
Orange:Avignon:39
Orange:Nimes:55
Orange:Montelimar:55
Orange:Serres:105
Avignon:Orange:39
Avignon:Aix_en_Provence:75
Avignon:Nimes:39
Avignon:Ales:68
Avignon:Sisteron:136
Avignon:Arles:38
Nice:Grasse:42
Nice:Cannes:33
Aix_en_Provence:Marseille:33
Aix_en_Provence:Avignon:75
Aix_en_Provence:Sisteron:107
Aix_en_Provence:Le_Luc:84
Aix_en_Provence:Arles:74
Nimes:Orange:55
Nimes:Avignon:39
Nimes:Montpellier:56
Nimes:Ales:49
Nimes:Arles:33
Montpellier:Nimes:56
Montpellier:Beziers:86
Montpellier:Millau:115
Montpellier:Arles:73
Beziers:Montpellier:86
Beziers:Narbonne:27
Beziers:Millau:125
Beziers:Mazamet:86
Carcassonne:Toulouse:92
Carcassonne:Narbonne:55
Carcassonne:Foix:81
Carcassonne:Mazamet:49
Carcassonne:Quillan:51
Brive_la_Gaillarde:Clermont_Ferrand:170
Brive_la_Gaillarde:Cahors:100
Brive_la_Gaillarde:Figeac:88
Brive_la_Gaillarde:Limoges:93
Brive_la_Gaillarde:Perigueux:68
Brive_la_Gaillarde:Montlucon:182
Brive_la_Gaillarde:Aurillac:96
Cahors:Brive_la_Gaillarde:100
Cahors:Montauban:61
Cahors:Figeac:69
Cahors:Agen:86
Montauban:Toulouse:55
Montauban:Cahors:61
Montauban:Agen:76
Montauban:Auch:86
Montauban:Albi:77
Bordeaux:Angouleme:91
Bordeaux:Perigueux:124
Bordeaux:Saintes:93
Bordeaux:Bergerac:87
Bordeaux:Marmande:84
Bordeaux:Bayonne:187
Bordeaux:Mont_de_Marsan:133
Versailles:Paris:28
Versailles:Mantes:43
Versailles:Chartres:72
Versailles:Dreux:50
Nantes:Rennes:107
Nantes:Angers:89
Nantes:Chateaubriant:66
Nantes:Pontchateau:51
Nantes:Cholet:61
Nantes:La_Roche/Yon:69
Laval:Le_Mans:69
Laval:Angers:74
Laval:Mayenne:25
Laval:Fougeres:48
Laval:Vitre:33
Laval:Chateaubriant:67
Blois:Orleans:56
Blois:Tours:65
Blois:Vierzon:75
Blois:Vendome:32
Blois:Selles:39
Angers:Le_Mans:92
Angers:Nantes:89
Angers:Laval:74
Angers:Chateaubriant:71
Angers:La_Fleche:48
Angers:Saumur:54
Angers:Doue:41
Angers:Cholet:71
Avranches:Rennes:80
Avranches:St_Lo:56
Avranches:Vire:50
Avranches:Domfront:66
Avranches:Cherbourg:132
Avranches:Fougeres:40
Avranches:Dinan:70
Caen:Rouen:118
Caen:St_Lo:59
Caen:Vire:60
Caen:Argentan:70
Caen:Domfront:78
Caen:Cherbourg:120
Caen:Le_Havre:96
St_Lo:Avranches:56
St_Lo:Caen:59
St_Lo:Cherbourg:78
Vire:Avranches:50
Vire:Caen:60
Vire:Domfront:40
Vire:Fougeres:67
St_Brieuc:St_Meen:66
St_Brieuc:Dinan:61
St_Brieuc:Loudeac:42
St_Brieuc:Rostrenen:59
St_Brieuc:Guingamp:36
St_Brieuc:Lannion:79
Brest:Morlaix:60
Brest:Pleyben:45
Quimper:Douarnenez:23
Quimper:Lorient:69
Quimper:Rostrenen:72
Quimper:Pleyben:27
Dreux:Mantes:46
Dreux:Chartres:35
Dreux:Evreux:48
Dreux:Versailles:50
Dreux:Nogent_le_Rotrou:65
Dreux:Alencon:110
Lorient:Quimper:69
Lorient:Vannes:51
Lorient:Ploermel:79
Lorient:Loudeac:73
Lorient:Rostrenen:63
Vannes:Lorient:51
Vannes:Ploermel:47
Vannes:Pontchateau:64
Ploermel:Rennes:61
Ploermel:Lorient:79
Ploermel:Vannes:47
Ploermel:St_Meen:34
Ploermel:Loudeac:43
Beauvais:Paris:76
Beauvais:Amiens:60
Beauvais:Rouen:80
Beauvais:Neufchatel_en_Braye:58
Beauvais:Compiegne:60
Beauvais:Mantes:69
Beauvais:Roye:67
Beauvais:Senlis:51
Vierzon:Bourges:33
Vierzon:Orleans:79
Vierzon:Blois:75
Vierzon:Chateauroux:58
Le_Cateau:Maubeuge:43
Le_Cateau:Valenciennes:32
Le_Cateau:Cambrai:29
Le_Cateau:St_Quentin:38
Le_Cateau:Guise:27
Le_Cateau:La_Cappelle:32
Guise:St_Quentin:50
Guise:Laon:38
Guise:Le_Cateau:27
Guise:La_Cappelle:23
Guise:Vervin:25
St_Dizier:Verdun:80
St_Dizier:Chaumont:74
St_Dizier:Vitry_le_Francois:29
St_Dizier:Brienne_le_Chateau:47
St_Dizier:Commercy:54
St_Dizier:Neufchateau:82
Sezanne:Reims:70
Sezanne:Soissons:83
Sezanne:Troyes:61
Sezanne:Meaux:77
Sezanne:Sens:79
Sezanne:Sommesous:63
Sezanne:Chateau-Thierry:48
Sezanne:Provins:43
Meaux:Paris:54
Meaux:Soissons:65
Meaux:Sezanne:77
Meaux:Fontainebleau:85
Meaux:Senlis:36
Meaux:Chateau-Thierry:47
Meaux:Provins:74
Meaux:Guignes:41
Fontainebleau:Paris:62
Fontainebleau:Orleans:87
Fontainebleau:Chartres:97
Fontainebleau:Meaux:85
Fontainebleau:Sens:53
Fontainebleau:Provins:36
Fontainebleau:Guignes:33
Fontainebleau:Montargis:48
Chaumont:Troyes:94
Chaumont:St_Dizier:74
Chaumont:Chatillon/Saone:58
Chaumont:Neufchateau:56
Chaumont:Langres:25
Chaumont:Brienne_le_Chateau:64
Sens:Troyes:71
Sens:Auxerre:57
Sens:Sezanne:79
Sens:Fontainebleau:53
Sens:Provins:46
Sens:Montargis:51
Dijon:Beaune:52
Dijon:Chatillon/Saone:84
Dijon:Vesoul:97
Dijon:Besancon:84
Dijon:Dole:49
Dijon:Langres:78
Beaune:Chalons/Saone:27
Beaune:Auxerre:158
Beaune:Dijon:52
Beaune:Autun:54
Beaune:Dole:61
Narbonne:Perpignan:69
Narbonne:Beziers:27
Narbonne:Carcassonne:55
Cosne:Bourges:60
Cosne:Orleans:108
Cosne:Auxerre:74
Cosne:La_Charite:28
Cosne:Clamecy:54
Cosne:Montargis:73
Figeac:Brive_la_Gaillarde:88
Figeac:Cahors:69
Figeac:Rodez:72
Figeac:Albi:107
Figeac:Aurillac:65
Millau:Montpellier:115
Millau:Beziers:125
Millau:St_Flour:141
Millau:Rodez:70
Millau:Albi:103
Millau:Mende:89
Millau:Mazamet:145
Foix:Font-Romeu:107
Foix:Toulouse:82
Foix:Carcassonne:81
Foix:St_Martory:90
Foix:Quillan:62
Chateauroux:Bourges:62
Chateauroux:Tours:111
Chateauroux:Vierzon:58
Chateauroux:Poitiers:120
Chateauroux:Limoges:126
Chateauroux:Montlucon:98
Chateauroux:Selles:59
Poitiers:Tours:104
Poitiers:Chateauroux:120
Poitiers:Limoges:121
Poitiers:Saumur:80
Poitiers:Doue:92
Poitiers:Niort:75
Poitiers:Civray:59
Poitiers:Parthenay:62
Limoges:Brive_la_Gaillarde:93
Limoges:Chateauroux:126
Limoges:Poitiers:121
Limoges:Angouleme:103
Limoges:Perigueux:102
Limoges:Montlucon:147
Limoges:Civray:95
Angouleme:Bordeaux:91
Angouleme:Limoges:103
Angouleme:Perigueux:86
Angouleme:Saintes:70
Angouleme:Civray:56
Perigueux:Brive_la_Gaillarde:68
Perigueux:Bordeaux:124
Perigueux:Limoges:102
Perigueux:Angouleme:86
Perigueux:Agen:138
Perigueux:Bergerac:47
Agen:Cahors:86
Agen:Montauban:76
Agen:Perigueux:138
Agen:Bergerac:91
Agen:Marmande:58
Agen:Auch:71
Agen:Mont_de_Marsan:112
Montlucon:Bourges:93
Montlucon:Clermont_Ferrand:91
Montlucon:Brive_la_Gaillarde:182
Montlucon:Chateauroux:98
Montlucon:Limoges:147
Montlucon:Moulins:76
Moulins:Bourges:100
Moulins:Clermont_Ferrand:96
Moulins:Montlucon:76
Moulins:Nevers:60
Moulins:Paray_le_Monial:52
Moulins:Roanne:99
Moulins:Thiers:91
St_Flour:Millau:141
St_Flour:Rodez:175
St_Flour:Brioude:51
St_Flour:Le_Puy:92
St_Flour:Mende:78
St_Flour:Aurillac:71
Rodez:Figeac:72
Rodez:Millau:70
Rodez:St_Flour:175
Rodez:Albi:79
Rodez:Aurillac:90
Albi:Toulouse:74
Albi:Figeac:107
Albi:Millau:103
Albi:Rodez:79
Albi:Mazamet:58
Albi:Montauban:77
La_Charite:Cosne:28
La_Charite:Nevers:24
La_Charite:Clamecy:52
Nevers:Moulins:60
Nevers:La_Charite:24
Nevers:Clamecy:69
Nevers:Autun:102
Clamecy:Auxerre:43
Clamecy:Cosne:54
Clamecy:La_Charite:52
Clamecy:Nevers:69
Chatillon/Saone:Troyes:68
Chatillon/Saone:Auxerre:85
Chatillon/Saone:Chaumont:58
Chatillon/Saone:Dijon:84
Autun:Chalons/Saone:67
Autun:Beaune:54
Autun:Nevers:102
Autun:Paray_le_Monial:67
Abbeville:Montreuil/Mer:44
Abbeville:Amiens:47
Abbeville:Dieppe:85
Abbeville:Neufchatel_en_Braye:61
Abbeville:Hesdin:30
Abbeville:Doullens:41
St_Pol/Ternoise:Arras:34
St_Pol/Ternoise:Hesdin:20
St_Pol/Ternoise:Bethune:29
St_Pol/Ternoise:Doullens:28
Hesdin:Montreuil/Mer:23
Hesdin:Abbeville:30
Hesdin:St_Pol/Ternoise:20
Hesdin:St_Omer:43
Hesdin:Doullens:38
St_Omer:Lille:67
St_Omer:Montreuil/Mer:52
St_Omer:Dunkerque:39
St_Omer:Calais:40
St_Omer:Boulogne/Mer:44
St_Omer:Hesdin:43
St_Omer:Bethune:44
Bethune:Arras:30
Bethune:Lille:38
Bethune:St_Pol/Ternoise:29
Bethune:St_Omer:44
Doullens:Arras:36
Doullens:Amiens:32
Doullens:Abbeville:41
Doullens:St_Pol/Ternoise:28
Doullens:Hesdin:38
Bapaume:Cambrai:30
Bapaume:Arras:22
Bapaume:Amiens:48
Bapaume:Peronne:28
Le_Havre:Rouen:90
Le_Havre:Dieppe:106
Le_Havre:Caen:96
Nogent_le_Rotrou:Chartres:54
Nogent_le_Rotrou:Le_Mans:66
Nogent_le_Rotrou:Dreux:65
Nogent_le_Rotrou:Alencon:69
Nogent_le_Rotrou:Chateaudun:55
Alencon:Le_Mans:49
Alencon:Dreux:110
Alencon:Nogent_le_Rotrou:69
Alencon:Argentan:44
Alencon:Domfront:61
Alencon:Mayenne:61
Argentan:Rouen:130
Argentan:Evreux:120
Argentan:Caen:70
Argentan:Alencon:44
Argentan:Domfront:55
Domfront:Avranches:66
Domfront:Caen:78
Domfront:Vire:40
Domfront:Alencon:61
Domfront:Argentan:55
Domfront:Mayenne:35
Mayenne:Le_Mans:74
Mayenne:Laval:25
Mayenne:Alencon:61
Mayenne:Domfront:35
Mayenne:Fougeres:44
Cherbourg:Avranches:132
Cherbourg:Caen:120
Cherbourg:St_Lo:78
Fougeres:Rennes:48
Fougeres:Laval:48
Fougeres:Avranches:40
Fougeres:Vire:67
Fougeres:Mayenne:44
Fougeres:Vitre:37
Vitre:Rennes:38
Vitre:Laval:33
Vitre:Fougeres:37
Vitre:Chateaubriant:45
Chateaubriant:Rennes:60
Chateaubriant:Nantes:66
Chateaubriant:Laval:67
Chateaubriant:Angers:71
Chateaubriant:Vitre:45
Chateaubriant:Pontchateau:72
Pontchateau:Rennes:92
Pontchateau:Nantes:51
Pontchateau:Vannes:64
Pontchateau:St_Nazaire:23
Pontchateau:Chateaubriant:72
St_Meen:Rennes:42
St_Meen:St_Brieuc:66
St_Meen:Ploermel:34
St_Meen:Dinan:36
St_Meen:Loudeac:43
Dinan:Rennes:51
Dinan:Avranches:70
Dinan:St_Brieuc:61
Dinan:St_Meen:36
Loudeac:St_Brieuc:42
Loudeac:Lorient:73
Loudeac:Ploermel:43
Loudeac:St_Meen:43
Loudeac:Rostrenen:47
Rostrenen:St_Brieuc:59
Rostrenen:Quimper:72
Rostrenen:Lorient:63
Rostrenen:Loudeac:47
Rostrenen:Guingamp:45
Rostrenen:Morlaix:68
Rostrenen:Pleyben:62
Guingamp:St_Brieuc:36
Guingamp:Rostrenen:45
Guingamp:Lannion:32
Guingamp:Morlaix:52
Lannion:St_Brieuc:79
Lannion:Guingamp:32
Lannion:Morlaix:38
Morlaix:Brest:60
Morlaix:Rostrenen:68
Morlaix:Guingamp:52
Morlaix:Lannion:38
Morlaix:Pleyben:49
Pleyben:Douarnenez:27
Pleyben:Brest:45
Pleyben:Quimper:27
Pleyben:Rostrenen:62
Pleyben:Morlaix:49
St_Nazaire:Pontchateau:23
Chateaudun:Orleans:48
Chateaudun:Chartres:35
Chateaudun:Nogent_le_Rotrou:55
Chateaudun:Vendome:39
Vendome:Orleans:64
Vendome:Tours:55
Vendome:Le_Mans:77
Vendome:Blois:32
Vendome:Chateaudun:39
Selles:Tours:73
Selles:Blois:39
Selles:Chateauroux:59
La_Fleche:Tours:70
La_Fleche:Le_Mans:45
La_Fleche:Angers:48
La_Fleche:Saumur:51
Saumur:Tours:79
Saumur:Angers:54
Saumur:Poitiers:80
Saumur:La_Fleche:51
Saumur:Doue:59
Doue:Angers:41
Doue:Poitiers:92
Doue:Saumur:59
Doue:Cholet:59
Doue:Parthenay:60
Cholet:Nantes:61
Cholet:Angers:71
Cholet:Doue:59
Cholet:La_Roche/Yon:27
Cholet:Parthenay:72
La_Roche/Yon:Nantes:69
La_Roche/Yon:Cholet:27
La_Roche/Yon:La_Rochelle:85
La_Roche/Yon:Niort:85
La_Roche/Yon:Parthenay:82
La_Rochelle:La_Roche/Yon:85
La_Rochelle:Saintes:66
La_Rochelle:Niort:61
Saintes:Bordeaux:93
Saintes:Angouleme:70
Saintes:La_Rochelle:66
Saintes:Niort:72
Niort:Poitiers:75
Niort:La_Roche/Yon:85
Niort:La_Rochelle:61
Niort:Saintes:72
Niort:Civray:67
Niort:Parthenay:42
Civray:Poitiers:59
Civray:Limoges:95
Civray:Angouleme:56
Civray:Niort:67
Parthenay:Poitiers:62
Parthenay:Doue:60
Parthenay:Cholet:72
Parthenay:La_Roche/Yon:82
Parthenay:Niort:42
Bergerac:Bordeaux:87
Bergerac:Perigueux:47
Bergerac:Agen:91
Bergerac:Marmande:57
Marmande:Bordeaux:84
Marmande:Agen:58
Marmande:Bergerac:57
Marmande:Mont_de_Marsan:83
Auch:Toulouse:79
Auch:Montauban:86
Auch:Agen:71
Auch:Mont_de_Marsan:104
Auch:Lannemezan:63
Auch:Tarbes:73
Mont_de_Marsan:Agen:112
Mont_de_Marsan:Marmande:83
Mont_de_Marsan:Auch:104
Mont_de_Marsan:Pau:77
Mont_de_Marsan:Orthez:54
Mont_de_Marsan:Bayonne:97
Mont_de_Marsan:Bordeaux:133
Lannemezan:Auch:63
Lannemezan:Tarbes:36
Lannemezan:St_Martory:45
Tarbes:Auch:73
Tarbes:Lannemezan:36
Tarbes:Pau:45
Pau:Mont_de_Marsan:77
Pau:Tarbes:45
Pau:Orthez:46
Orthez:Mont_de_Marsan:54
Orthez:Pau:46
Orthez:Bayonne:76
Bayonne:Bordeaux:187
Bayonne:Mont_de_Marsan:97
Bayonne:Orthez:76
St_Martory:Toulouse:72
St_Martory:Foix:90
St_Martory:Lannemezan:45
Brioude:Clermont_Ferrand:71
Brioude:St_Flour:51
Brioude:Le_Puy:61
Brioude:Aurillac:104
Le_Puy:St_Etienne:77
Le_Puy:St_Flour:92
Le_Puy:Brioude:61
Le_Puy:Pradelles:33
Le_Puy:Aubenas:87
Pradelles:Le_Puy:33
Pradelles:Aubenas:58
Pradelles:Mende:59
Pradelles:Ales:108
Aubenas:Valence:69
Aubenas:Le_Puy:87
Aubenas:Pradelles:58
Aubenas:Montelimar:41
Aubenas:Ales:74
Montelimar:Valence:50
Montelimar:Orange:55
Montelimar:Aubenas:41
Mende:Millau:89
Mende:St_Flour:78
Mende:Pradelles:59
Mende:Ales:100
Ales:Avignon:68
Ales:Nimes:49
Ales:Pradelles:108
Ales:Aubenas:74
Ales:Mende:100
Mazamet:Toulouse:89
Mazamet:Beziers:86
Mazamet:Carcassonne:49
Mazamet:Millau:145
Mazamet:Albi:58
Quillan:Font-Romeu:77
Quillan:Perpignan:75
Quillan:Carcassonne:51
Quillan:Foix:62
Aurillac:Clermont_Ferrand:164
Aurillac:Brive_la_Gaillarde:96
Aurillac:Figeac:65
Aurillac:Rodez:90
Aurillac:Brioude:104
Aurillac:St_Flour:71
La_Cappelle:Maubeuge:41
La_Cappelle:Le_Cateau:32
La_Cappelle:Guise:23
La_Cappelle:Vervin:17
La_Cappelle:Charleville-Meziere:68
Vervin:Laon:32
Vervin:Guise:25
Vervin:La_Cappelle:17
Vervin:Charleville-Meziere:72
Charleville-Meziere:Reims:73
Charleville-Meziere:Laon:91
Charleville-Meziere:Verdun:102
Charleville-Meziere:La_Cappelle:68
Charleville-Meziere:Vervin:72
Charleville-Meziere:Mazagran:48
Charleville-Meziere:Metz:160
Mazagran:Reims:47
Mazagran:Charleville-Meziere:48
Mazagran:Suippes:31
Suippes:Reims:42
Suippes:Chalons/Marne:23
Suippes:Verdun:76
Suippes:Mazagran:31
Metz:Nancy:56
Metz:Verdun:80
Metz:Charleville-Meziere:160
Metz:Sarreguemines:67
Metz:Chateau-Salins:45
Sarreguemines:Metz:67
Sarreguemines:Chateau-Salins:59
Sarreguemines:Savernes:70
Sarreguemines:Sarrebourg:59
Chateau-Salins:Nancy:31
Chateau-Salins:Metz:45
Chateau-Salins:Sarreguemines:59
Chateau-Salins:Sarrebourg:43
Chateau-Salins:Luneville:30
Savernes:Strasbourg:54
Savernes:Sarreguemines:70
Savernes:Sarrebourg:28
Sarrebourg:Sarreguemines:59
Sarrebourg:Chateau-Salins:43
Sarrebourg:Savernes:28
Vitry_le_Francois:Chalons/Marne:32
Vitry_le_Francois:St_Dizier:29
Vitry_le_Francois:Sommesous:26
Vitry_le_Francois:Brienne_le_Chateau:42
Sommesous:Chalons/Marne:27
Sommesous:Troyes:50
Sommesous:Sezanne:63
Sommesous:Vitry_le_Francois:26
Brienne_le_Chateau:Troyes:42
Brienne_le_Chateau:St_Dizier:47
Brienne_le_Chateau:Vitry_le_Francois:42
Brienne_le_Chateau:Chaumont:64
Luneville:Strasbourg:50
Luneville:Nancy:36
Luneville:Chateau-Salins:30
Luneville:St_Die:46
St_Die:Strasbourg:92
St_Die:Luneville:46
St_Die:Colmar:69
St_Die:Epinal:50
Colmar:Strasbourg:72
Colmar:St_Die:69
Colmar:Mulhouse:41
Mulhouse:Colmar:41
Mulhouse:Epinal:110
Mulhouse:Belfort:41
Epinal:Nancy:62
Epinal:St_Die:50
Epinal:Mulhouse:110
Epinal:Vittel:44
Epinal:Belfort:79
Epinal:Vesoul:82
Neufchateau:Nancy:59
Neufchateau:St_Dizier:82
Neufchateau:Chaumont:56
Neufchateau:Commercy:42
Neufchateau:Vittel:33
Neufchateau:Langres:69
Vittel:Nancy:63
Vittel:Epinal:44
Vittel:Neufchateau:33
Vittel:Vesoul:100
Vittel:Langres:65
Belfort:Mulhouse:41
Belfort:Epinal:79
Belfort:Vesoul:63
Belfort:Besancon:90
Vesoul:Dijon:97
Vesoul:Epinal:82
Vesoul:Vittel:100
Vesoul:Belfort:63
Vesoul:Besancon:45
Vesoul:Langres:75
Besancon:Dijon:84
Besancon:Belfort:90
Besancon:Vesoul:45
Besancon:Dole:46
Besancon:Neufchatel:110
Besancon:Lausanne:127
Besancon:Lons_le_Saunier:77
Dole:Chalons/Saone:63
Dole:Dijon:49
Dole:Beaune:61
Dole:Besancon:46
Dole:Lons_le_Saunier:51
Langres:Chaumont:25
Langres:Dijon:78
Langres:Neufchateau:69
Langres:Vittel:65
Langres:Vesoul:75
Peronne:Cambrai:45
Peronne:Amiens:44
Peronne:St_Quentin:30
Peronne:Bapaume:28
Peronne:Roye:23
Roye:Amiens:41
Roye:Compiegne:38
Roye:St_Quentin:48
Roye:Beauvais:67
Roye:Peronne:23
Roye:Noyon:20
Noyon:Compiegne:24
Noyon:St_Quentin:40
Noyon:Roye:20
Senlis:Paris:44
Senlis:Compiegne:32
Senlis:Soissons:59
Senlis:Beauvais:51
Senlis:Meaux:36
Chateau-Thierry:Reims:61
Chateau-Thierry:Soissons:35
Chateau-Thierry:Sezanne:48
Chateau-Thierry:Meaux:47
Provins:Sezanne:43
Provins:Meaux:74
Provins:Fontainebleau:36
Provins:Sens:46
Provins:Guignes:41
Guignes:Paris:56
Guignes:Meaux:41
Guignes:Fontainebleau:33
Guignes:Provins:41
Montargis:Orleans:70
Montargis:Auxerre:69
Montargis:Fontainebleau:48
Montargis:Sens:51
Montargis:Cosne:73
Paray_le_Monial:Chalons/Saone:89
Paray_le_Monial:Macon:78
Paray_le_Monial:Moulins:52
Paray_le_Monial:Autun:67
Neufchatel:Besancon:110
Neufchatel:Lausanne:69
Lausanne:Besancon:127
Lausanne:Neufchatel:69
Lausanne:Geneve:38
Geneve:Lausanne:38
Geneve:Lons_le_Saunier:115
Geneve:Collonges:28
Geneve:Annecy:44
Geneve:Bonneville:21
Lons_le_Saunier:Chalons/Saone:64
Lons_le_Saunier:Besancon:77
Lons_le_Saunier:Dole:51
Lons_le_Saunier:Geneve:115
Lons_le_Saunier:Bourg_en_Bresse:61
Bourg_en_Bresse:Chalons/Saone:81
Bourg_en_Bresse:Macon:42
Bourg_en_Bresse:Lons_le_Saunier:61
Bourg_en_Bresse:Collonges:80
Bourg_en_Bresse:Amberieu_en_Bugey:37
Collonges:Geneve:28
Collonges:Bourg_en_Bresse:80
Collonges:Annecy:41
Annecy:Geneve:44
Annecy:Collonges:41
Annecy:Bonneville:16
Annecy:Albertville:46
Annecy:Chambery:44
Bonneville:Geneve:21
Bonneville:Annecy:16
Bonneville:Megeve:43
Megeve:Bonneville:43
Megeve:Albertville:23
Albertville:Annecy:46
Albertville:Megeve:23
Albertville:Chambery:49
Amberieu_en_Bugey:Lyon:52
Amberieu_en_Bugey:Chambery:79
Amberieu_en_Bugey:Bourgoin_Jallieu:28
Amberieu_en_Bugey:Bourg_en_Bresse:37
Chambery:Grenoble:58
Chambery:Annecy:44
Chambery:Albertville:49
Chambery:Amberieu_en_Bugey:79
Chambery:Bourgoin_Jallieu:45
Bourgoin_Jallieu:Lyon:52
Bourgoin_Jallieu:Grenoble:65
Bourgoin_Jallieu:Amberieu_en_Bugey:28
Bourgoin_Jallieu:Chambery:45
Roanne:Lyon:86
Roanne:Moulins:99
Roanne:Feurs:39
Roanne:Thiers:70
Briancon:Grenoble:116
Briancon:Gap:87
Gap:Grenoble:103
Gap:Briancon:87
Gap:Serres:41
Gap:Sisteron:43
Serres:Grenoble:109
Serres:Valence:138
Serres:Orange:105
Serres:Gap:41
Serres:Sisteron:29
Sisteron:Avignon:136
Sisteron:Aix_en_Provence:107
Sisteron:Gap:43
Sisteron:Serres:29
Sisteron:Grasse:146
Grasse:Nice:42
Grasse:Sisteron:146
Grasse:Cannes:17
Grasse:Le_Luc:64
Cannes:Nice:33
Cannes:Grasse:17
Cannes:Toulon:129
Le_Luc:Marseille:90
Le_Luc:Aix_en_Provence:84
Le_Luc:Grasse:64
Le_Luc:Toulon:57
Toulon:Marseille:65
Toulon:Cannes:129
Toulon:Le_Luc:57
Arles:Marseille:90
Arles:Avignon:38
Arles:Aix_en_Provence:74
Arles:Nimes:33
Arles:Montpellier:73
Feurs:Lyon:70
Feurs:St_Etienne:39
Feurs:Roanne:39
Feurs:Thiers:69
Thiers:Clermont_Ferrand:44
Thiers:St_Etienne:121
Thiers:Moulins:91
Thiers:Roanne:70
Thiers:Feurs:69
Commercy:Nancy:54
Commercy:Verdun:62
Commercy:St_Dizier:54
Commercy:Neufchateau:42
